// Jest Snapshot v1, https://goo.gl/fbAQLP

exports[`NetworkDisplayer Renders correctly 1`] = `
Array [
  <div
    className="column is-one-third scrollable"
  >
    <p
      class="control has-icons-left is-flex ml-2"
    >
      <input
        className="input is-small is-primary mt-2"
        onChange={[Function]}
        placeholder="Search"
        type="text"
      />
      <button
        className="button is-small is-link my-2"
        onClick={[Function]}
      >
        Reset
      </button>
      <span
        class="icon is-left mt-2"
      >
        <i
          class="fas fa-search"
        />
      </span>
    </p>
    <aside
      className="menu"
    >
      <p
        className="menu-label ml-2"
      >
        Event List
      </p>
      <ul
        className="menu-list"
      />
    </aside>
  </div>,
  <div
    className="column scrollable"
  >
    <div
      className="display-box"
    />
  </div>,
]
`;
